
=== Jiaxing (as-chn-jiaxing) ===
  search File:Jiaxing Tram 014 at Jiaxing Railway Station.jpg: score=-100
  search File:Jiaxing Tram 010 at Jiaxing Railway Station.jpg: score=-100
  search File:Jiaxing Tram 002.jpg: score=-100
  search File:Jiaxing Tram 005.jpg: score=-100
  search File:Jiaxing Tram 008.jpg: score=-100
  search File:Jiaxing Tram 003.jpg: score=-100
  search File:Jiaxing Tram 009.jpg: score=-100
  search File:Jiaxing Tram Planning.svg: score=-100

=== Denver (am-usa-denver) ===
  OFFICIAL OK https://cdn.rtd-denver.com/image/upload/v1734792008/A_w6uqtf.pdf

=== Cracow (eu-pol-cracow) ===
  miss: File:Krakow linie dzienne.svg
  File:Krakow tram network simple.png: score=60 lic=Public domain
  HIT File:Krakow tram network simple.png

=== Katowice (eu-pol-katowice) ===
  miss: File:Tram map of Katowice agglomeration.svg
  miss: File:Katowice tram map.svg
  search File:At Katowice 2024 073.jpg: score=-100
  search File:At Katowice 2024 019.jpg: score=-100
  search File:At Katowice 2024 018.jpg: score=-100
  search File:Tram (Katowice) in 2024.01.jpg: score=-100
  search File:At Katowice 2024 076.jpg: score=-100
  search File:Tadeusza Kościuszki street in Katowice, tram no. 46, KTW skyscraper in the background, AWF Katowice tram stop, February 2023.jpg: score=-100

=== Lodz (eu-pol-lodz) ===
  miss: File:Łódź ex tram map 2019.jpg
  miss: File:Lodz tram map.svg

=== Poznan (eu-pol-poznan) ===
  miss: File:Poznan tram map.svg
  miss: File:Poznan tram network.svg

=== Ostrava (eu-cze-ostrava) ===
  miss: File:Ostrava tram map.svg
  miss: File:Tram map Ostrava.svg

=== The Hague (eu-ned-the-hague) ===
  OFFICIAL OK https://www.htm.nl/media/wb0dphxi/25039htm_a4haltekrtweb_5jan_tram_bus.pdf

=== Odesa (eu-ukr-odessa) ===
  miss: File:Odessa tram map.svg
  miss: File:Odesa tram map.svg

=== Kryvyi Rih (eu-ukr-kryvy-rih-krivoy-rog) ===
  miss: File:Kryvyi Rih Metrotram map.svg
  miss: File:Kryvyi Rih tram map.svg

=== Brno (eu-cze-brno) ===
  miss: File:Brno tram map.svg
  miss: File:Brno - mapa tramvajovych linek.svg
  miss: File:Brno tram network.svg

=== Zagreb (eu-cro-zagreb) ===
  miss: File:Zagreb tram map.svg
  miss: File:Zagreb tram network.svg

=== Basel (eu-sui-basel) ===
  miss: File:Basel - Straßenbahnnetzplan.png
  miss: File:Basel tram map.svg
  search File:Basel Tram Line 15.jpg: score=-100
  search File:Basel Tram Line 8.jpg: score=-100
  search File:Messe Basel tram stop with line 2 stopped.jpg: score=-100
  search File:Messeplatz tram stop with tram, Basel, Switzerland.jpg: score=-100
  search File:Tram outside the Basel SBB station.jpg: score=-100
  search File:Tram in Basel.jpg: score=-100
  search File:Trams at Basel SBB Station.jpg: score=-100

=== Ulyanovsk (eu-rus-ulyanovsk) ===
  miss: File:Ulyanovsk tram map.svg
  miss: File:Ulyanovsk tram map 2022-04.svg

=== Ust-Kamenogorsk (as-kaz-ust-kamenogorsk) ===
  miss: File:Ust-Kamenogorsk tram map.svg
  miss: File:Oskemen tram map.svg

=== Graz (eu-aut-graz) ===
  miss: File:Straßenbahn Graz Ende 2021 V3.png
  miss: File:Graz tram map.svg

=== Innsbruck (eu-aut-innsbruck) ===
  miss: File:Innsbruck tram map.svg
  miss: File:IVB Innsbruck tram map.svg

=== Torun (eu-pol-torun) ===
  miss: File:Torun tram map.svg
  miss: File:Toruń tram map.svg

=== Arad (eu-rou-arad) ===
  miss: File:Arad tram map.svg
  miss: File:Arad tram map.png

=== Jena (eu-ger-jena) ===
  miss: File:Jena tram map.svg
  miss: File:Jena Straßenbahn Netzplan.svg

=== Kolomna (eu-rus-kolomna) ===
  miss: File:Kolomna tram map.svg
  miss: File:Kolomna tram map 2022-04.svg

=== Ghent (eu-bel-ghent) ===
  miss: File:Ghent tram map.svg
  miss: File:Gent tram map.svg
  miss: File:Gent tramnet.svg

=== Elblag (eu-pol-elblag) ===
  miss: File:Elblag tram map.svg
  miss: File:Elbląg tram map.svg
  search File:1 Maja Street Elblag tram Moderus.jpg: score=-100
  search File:Tram in Elblag (2).jpg: score=-100
  search File:Tram in Elblag (3).jpg: score=-100
  search File:Elbląg Linia 2.png: score=15
  search File:Elbląg Linia 5.png: score=15
  search File:Elbląg Linia 4.png: score=15
  search File:Tram in Elblag (1).jpg: score=-100
  search File:Elbląg Linia 3.png: score=15

=== Kayseri (as-tur-kayseri) ===
  miss: File:Kayseri tram map.svg
  miss: File:Kayseray map.svg

=== SUMMARY ===
  HIT_COMMUNITY: 1
  HIT_OFFICIAL: 2
  MISS: 21
Report: /Users/kevincheng/Library/CloudStorage/Dropbox/__NTU/__Thesis/_website/adapt-metro/data/metro/_cache/_map_curate_batchA.json
