downloadMaps: 540 city groups [--urbanrail]
  [1/540] europe/russia/eu-rus-krasnodar <- urbanrail krasnodar-tram-map.png (90 KB)
  [2/540] europe/poland/eu-pol-wroclaw <- urbanrail wroclaw-tram-map.png (102 KB)
  [3/540] europe/romania/eu-rou-bucharest <- urbanrail bucharest-metro-map.png (38 KB)
  [4/540] europe/poland/eu-pol-cracow <- urbanrail krakow-map.png (102 KB)
  [5/540] europe/poland/eu-pol-katowice <- urbanrail katowice-centre-map.png (36 KB)
  [6/540] europe/poland/eu-pol-lodz <- urbanrail lodz-tram-map.png (91 KB)
  [7/540] europe/russia/eu-rus-magnitogorsk <- urbanrail magnitogorsk-tram-map.png (55 KB)
  [11/540] europe/poland/eu-pol-bydgoszcz <- urbanrail bydgoszcz-map.png (54 KB)
  [14/540] europe/germany/eu-ger-leipzig <- urbanrail leipzig-tram-map.png (102 KB)
  [17/540] europe/sweden/eu-swe-gothenburg <- urbanrail gothenburg-tram-map.png (60 KB)
  [20/540] europe/germany/eu-ger-stuttgart <- urbanrail stuttgart-map.png (79 KB)
  [21/540] europe/united-kingdom/eu-gbr-liverpool <- urbanrail liverpool-merseyrail-map.png (21 KB)
  [22/540] europe/poland/eu-pol-gdansk <- urbanrail gdansk-tram.png (48 KB)
  [24/540] europe/ukraine/eu-ukr-odessa <- urbanrail odessa-tram-map.png (75 KB)
  [25/540] europe/switzerland/eu-sui-zurich <- urbanrail zurich-map.png (79 KB)
  [26/540] europe/germany/eu-ger-ludwigshafen <- urbanrail Mannheim-Ludwigshafen-tram-map.png (69 KB)
  [32/540] africa/south-africa/af-rsa-johannesburg <- urbanrail johannesburg-map.png (19 KB)
  [33/540] europe/croatia/eu-cro-zagreb <- urbanrail zagreb-tram-map.png (51 KB)
  [35/540] europe/russia/eu-rus-irkutsk <- urbanrail irkutsk-map.png (35 KB)
  [36/540] europe/ukraine/eu-ukr-kyiv <- urbanrail kyiv-metro-map.png (37 KB)
  [37/540] europe/belgium/eu-bel-antwerp <- urbanrail antwerpen-map.png (72 KB)
  [38/540] europe/switzerland/eu-sui-basel <- urbanrail basel-tram-map.png (61 KB)
  [39/540] europe/russia/eu-rus-barnaul <- urbanrail barnaul-tram.png (64 KB)
  [40/540] europe/belgium/eu-bel-brussels <- urbanrail brussels-metro-map.png (35 KB)
  [44/540] europe/poland/eu-pol-szczecin <- urbanrail szczecin-tram-map.png (48 KB)
  [45/540] americas/united-states/am-usa-portland <- urbanrail portland-map.png (39 KB)
  [49/540] asia/china/as-chn-chongqing <- urbanrail chongqing-map-centre.png (47 KB)
  [50/540] europe/serbia/eu-srb-belgrade <- urbanrail beograd-tram-map.png (66 KB)
  [51/540] europe/russia/eu-rus-perm <- urbanrail perm-tram-map.png (41 KB)
  [52/540] asia/china/as-chn-shanghai <- urbanrail shanghai-centre-map.png (119 KB)
  [55/540] asia/china/as-chn-beijing <- urbanrail beijing-metro-map.png (125 KB)
  [56/540] europe/russia/eu-rus-chelyabinsk <- urbanrail chelyabinsk-tram-map.png (65 KB)
  [57/540] europe/romania/eu-rou-iasi <- urbanrail iasi-map.png (18 KB)
  [60/540] europe/russia/eu-rus-ulyanovsk <- urbanrail ulyanovsk-tram-map.png (67 KB)
  [62/540] asia/china/as-chn-chengdu <- urbanrail chengdu-metro-map.png (126 KB)
  [63/540] africa/south-africa/af-rsa-cape-town <- urbanrail capetown-map.png (40 KB)
  [65/540] asia/china/as-chn-guangzhou <- urbanrail guangzhou-metro-map.png (114 KB)
  [67/540] europe/austria/eu-aut-graz <- urbanrail graz-map.png (32 KB)
  [68/540] europe/france/eu-fra-montpellier <- urbanrail montpellier-map.png (31 KB)
  [69/540] europe/latvia/eu-lat-riga <- urbanrail riga-map.png (39 KB)
  [71/540] europe/russia/eu-rus-volgograd <- urbanrail volgograd-centre-map.png (51 KB)
  [72/540] asia/china/as-chn-hangzhou <- urbanrail hangzhou-metro-map.png (127 KB)
  [73/540] europe/slovakia/eu-svk-kosice <- urbanrail kosice-tram-map.png (23 KB)
  [74/540] europe/romania/eu-rou-timisoara <- urbanrail timisoara-map.png (20 KB)
  [78/540] europe/russia/eu-rus-ulan-ude <- urbanrail ulan-ude-tram-map.png (25 KB)
  [80/540] europe/russia/eu-rus-nizhny-novgorod <- urbanrail nizhniy-novgorod-metro-map.png (11 KB)
  [83/540] europe/france/eu-fra-strasbourg <- urbanrail strasbourg-map.png (33 KB)
  [86/540] europe/russia/eu-rus-naberezhnye-chelny <- urbanrail nabchelny-map.png (50 KB)
  [87/540] europe/russia/eu-rus-izhevsk <- urbanrail izhevsk-map.png (20 KB)
  [88/540] europe/ukraine/eu-ukr-mykolaiv <- urbanrail mykolaiv-tram-map.png (58 KB)
  [89/540] europe/romania/eu-rou-oradea <- urbanrail oradea-map.png (17 KB)
  [90/540] europe/poland/eu-pol-torun <- urbanrail torun-map.png (19 KB)
  [92/540] americas/united-states/am-usa-san-francisco-bart <- urbanrail sf-bay-area-map.png (65 KB)
  [93/540] europe/portugal/eu-por-almada <- urbanrail almada-map.png (10 KB)
  [95/540] oceania/australia/oc-aus-brisbane <- urbanrail brisbane-rail-map.png (39 KB)
  [96/540] europe/poland/eu-pol-olsztyn <- urbanrail olsztyn-tram-map.png (14 KB)
  [98/540] europe/russia/eu-rus-moscow <- urbanrail moscow-rail-map.png (162 KB)
  [104/540] europe/united-kingdom/eu-gbr-manchester <- urbanrail manchester-map.png (61 KB)
  [109/540] europe/russia/eu-rus-volzhskiy <- urbanrail volzhskiy-tram.png (28 KB)
  [110/540] europe/romania/eu-rou-arad <- urbanrail arad-map.png (21 KB)
  [111/540] asia/china/as-chn-tianjin <- urbanrail tianjin-map.png (93 KB)
  [113/540] europe/slovakia/eu-svk-bratislava <- urbanrail bratislava-tram-map.png (31 KB)
  [115/540] europe/sweden/eu-swe-stockholm <- urbanrail stockholm-tunnelbana-map.png (96 KB)
  [116/540] americas/united-states/am-usa-san-diego <- urbanrail san-diego-map.png (39 KB)
  [117/540] africa/south-africa/af-rsa-durban <- urbanrail durban-centre-map.png (19 KB)
  [118/540] europe/russia/eu-rus-kemerovo <- urbanrail kemerovo-tram.png (66 KB)
  [119/540] europe/czechia/eu-cze-olomouc <- urbanrail olomouc-map.png (20 KB)
  [120/540] europe/russia/eu-rus-omsk <- urbanrail omsk-tram-map.png (33 KB)
  [121/540] europe/russia/eu-rus-pyatigorsk <- urbanrail pyatigorsk-tram-map.png (26 KB)
  [122/540] europe/estonia/eu-est-tallinn <- urbanrail tallinn-tram-map.png (16 KB)
  [123/540] europe/ukraine/eu-ukr-vinnytsia <- urbanrail vinnytsia-map.png (44 KB)
  [126/540] europe/switzerland/eu-sui-bern <- urbanrail bern-map.png (30 KB)
  [127/540] europe/france/eu-fra-bordeaux <- urbanrail bordeaux-tram-map.png (39 KB)
  [129/540] europe/russia/eu-rus-novotroitsk <- urbanrail novotroitsk-tram-map.png (17 KB)
  [131/540] asia/japan/as-jpn-toyama <- urbanrail toyama-map.png (27 KB)
  [133/540] europe/spain/eu-esp-valencia <- urbanrail valencia-map.gif (6 KB)
  [134/540] europe/norway/eu-nor-bergen <- urbanrail bergen-bybane-map.png (38 KB)
  [135/540] europe/russia/eu-rus-angarsk <- urbanrail angarsk-tram-map.png (35 KB)
  [136/540] asia/turkey/as-tur-eskisehir <- urbanrail eskisehir-tram-map.png (27 KB)
  [137/540] europe/germany/eu-ger-jena <- urbanrail jena-tram-map.png (20 KB)
  [138/540] europe/russia/eu-rus-kolomna <- urbanrail kolomna-tram-map.png (29 KB)
  [141/540] europe/belgium/eu-bel-charleroi <- urbanrail charleroi-metro-map.png (23 KB)
  [143/540] americas/united-states/am-usa-dallas <- urbanrail dallas-light-rail-map.png (29 KB)
  [144/540] europe/switzerland/eu-sui-geneva <- urbanrail geneva-tram-map.png (57 KB)
  [145/540] europe/belgium/eu-bel-ghent <- urbanrail gent-map.png (32 KB)
  [146/540] asia/turkey/as-tur-konya <- urbanrail konya-map.png (15 KB)
  [147/540] europe/russia/eu-rus-ufa <- urbanrail ufa-tram-map.png (47 KB)
  [148/540] europe/belarus/eu-blr-vitebsk <- urbanrail vitebsk-map.png (31 KB)
  [150/540] americas/mexico/am-mex-mexico-city <- urbanrail mexico-map.png (66 KB)
  [154/540] europe/romania/eu-rou-galati <- urbanrail galati-tram-map.png (25 KB)
  [155/540] europe/france/eu-fra-grenoble <- urbanrail grenoble-map.png (30 KB)
  [156/540] europe/czechia/eu-cze-liberec <- urbanrail liberec-map.png (22 KB)
  [158/540] europe/russia/eu-rus-yaroslavl <- urbanrail yaroslavl-map.png (28 KB)
  [160/540] americas/united-states/am-usa-san-jose <- urbanrail san-jose-light%20rail-map.png (21 KB)
  [161/540] europe/latvia/eu-lat-daugavpils <- urbanrail daugavpils-map.png (19 KB)
  [163/540] asia/turkey/as-tur-kayseri <- urbanrail kayseri--tram-map.png (30 KB)
  [164/540] europe/russia/eu-rus-krasnoyarsk <- urbanrail krasnoyarsk-tram-map.png (45 KB)
  [166/540] europe/czechia/eu-cze-plzen <- urbanrail plzen-map.png (30 KB)
  [167/540] europe/russia/eu-rus-rostov-on-don <- urbanrail rostov-tram-map.png (26 KB)
  [172/540] americas/united-states/am-usa-sacramento <- urbanrail sacramento-map.gif (23 KB)
  [173/540] europe/hungary/eu-hun-szeged <- urbanrail szeged-map.png (24 KB)
  [174/540] europe/france/eu-fra-nantes <- urbanrail nantes-map.png (29 KB)
  [175/540] europe/germany/eu-ger-heidelberg <- urbanrail heidelberg-tram-map.png (25 KB)
  [176/540] europe/austria/eu-aut-linz <- urbanrail linz-tram-map.png (30 KB)
  [177/540] europe/germany/eu-ger-plauen <- urbanrail plauen-map.png (14 KB)
  [178/540] europe/france/eu-fra-saint-etienne <- urbanrail st-etienne-map.png (15 KB)
  [179/540] europe/bosnia-and-herzegovina/eu-bih-sarajevo <- urbanrail sarajevo-map.png (14 KB)
  [180/540] europe/russia/eu-rus-taganrog <- urbanrail taganrog-tram-map.png (29 KB)
  [182/540] asia/iran/as-iri-tehran <- urbanrail tehran-metro-map.png (92 KB)
  [183/540] africa/tunisia/af-tun-tunis <- urbanrail tunis-metro-map.png (24 KB)
  [184/540] americas/venezuela/am-ven-caracas <- urbanrail caracas-metro-map.png (24 KB)
  [186/540] asia/china/as-chn-fuzhou <- urbanrail fuzhou-metro-map.png (45 KB)
  [187/540] americas/united-states/am-usa-phoenix <- urbanrail phoenix-metro-map.png (27 KB)
  [188/540] europe/spain/eu-esp-alicante <- urbanrail alicante-tram-map.png (17 KB)
  [192/540] europe/russia/eu-rus-kaliningrad <- urbanrail kaliningrad-tram.png (33 KB)
  [193/540] europe/ukraine/eu-ukr-mariupol <- urbanrail mariupol-map.png (39 KB)
  [194/540] europe/russia/eu-rus-novocherkassk <- urbanrail novocherkassk-tram-map.png (22 KB)
  [195/540] europe/russia/eu-rus-smolensk <- urbanrail smolensk-tram-map.png (17 KB)
  [196/540] europe/russia/eu-rus-usolye-sibirskoye <- urbanrail usolye-sibirskoye-map.png (15 KB)
  [199/540] asia/india/as-ind-gurugram <- urbanrail Gurgaon-metro-map.jpg (81 KB)
  [200/540] americas/united-states/am-usa-northern-new-jersey-newark <- urbanrail new-jersey-map.png (26 KB)
  [201/540] asia/china/as-chn-kunming <- urbanrail kunming-metro-map.png (47 KB)
  [202/540] asia/china/as-chn-changsha <- urbanrail changsha-metro-map.png (67 KB)
  [204/540] asia/china/as-chn-nanning <- urbanrail nanning-metro-map.png (46 KB)
  [206/540] asia/qatar/as-qat-doha <- urbanrail doha-metro-map.png (30 KB)
  [207/540] europe/france/eu-fra-angers <- urbanrail angers-map.png (18 KB)
  [208/540] europe/france/eu-fra-caen <- urbanrail caen-tram-map.png (22 KB)
  [209/540] europe/poland/eu-pol-czestochowa <- urbanrail czestochowa-map.png (14 KB)
  [210/540] europe/russia/eu-rus-dzerzhinsk <- urbanrail dzerzhinsk-tram.png (22 KB)
  [211/540] asia/turkey/as-tur-gaziantep <- urbanrail gaziantep-tram-map.png (19 KB)
  [212/540] europe/germany/eu-ger-gotha <- urbanrail gotha-tram-map.png (18 KB)
  [213/540] europe/ukraine/eu-ukr-konotop <- urbanrail konotop-map.gif (10 KB)
  [214/540] europe/russia/eu-rus-kursk <- urbanrail kursk-tram-map.png (45 KB)
  [215/540] americas/united-states/am-usa-new-orleans <- urbanrail new-orleans-map.png (31 KB)
  [216/540] europe/russia/eu-rus-novokuznetsk <- urbanrail novokuznetsk-tram-map.png (29 KB)
  [217/540] europe/germany/eu-ger-schwerin <- urbanrail schwerin-tram-map.png (22 KB)
  [220/540] europe/denmark/eu-den-copenhagen <- urbanrail copenhagen-metro-map.png (45 KB)
  [224/540] europe/ukraine/eu-ukr-kryvy-rih-krivoy-rog <- urbanrail kryviy-rih-map.png (51 KB)
  [225/540] americas/canada/am-can-edmonton <- urbanrail edmonton-map.png (19 KB)
  [226/540] europe/france/eu-fra-mulhouse <- urbanrail mulhouse-map.png (12 KB)
  [228/540] americas/canada/am-can-waterloo <- urbanrail waterloo-map.png (13 KB)
  [229/540] asia/saudi-arabia/as-ksa-riyadh <- urbanrail riyadh-metro-map.png (46 KB)
  [230/540] europe/poland/eu-pol-gorzow <- urbanrail gorzow-tram-map.png (15 KB)
  [232/540] europe/russia/eu-rus-prokopyevsk <- urbanrail prokopyevsk-tram-map.png (16 KB)
  [233/540] europe/russia/eu-rus-zlatoust <- urbanrail zlatoust-tram-map.png (26 KB)
  [237/540] europe/russia/eu-rus-saint-petersburg <- urbanrail st-petersburg-metro-map.png (66 KB)
  [243/540] asia/china/as-chn-shenyang <- urbanrail shenyang-map.png (70 KB)
  [245/540] americas/united-states/am-usa-pittsburgh <- urbanrail pittsburgh-map.gif (13 KB)
  [246/540] europe/france/eu-fra-aubagne <- urbanrail aubgane-tram-map.png (13 KB)
  [247/540] europe/russia/eu-rus-biysk <- urbanrail biysk-tram.png (30 KB)
  [248/540] europe/romania/eu-rou-braila <- urbanrail braila-map.png (15 KB)
  [249/540] europe/germany/eu-ger-halberstadt <- urbanrail halberstadt-map.png (9 KB)
  [250/540] europe/ukraine/eu-ukr-kamianske <- urbanrail kamianske-map.png (33 KB)
  [251/540] europe/france/eu-fra-le-havre <- urbanrail le-havre-map.png (17 KB)
  [252/540] americas/united-states/am-usa-memphis <- urbanrail memphis-streetcar-map.png (13 KB)
  [253/540] europe/czechia/eu-cze-most <- urbanrail most-tram-map.png (17 KB)
  [254/540] europe/italy/eu-ita-palermo <- urbanrail palermo-tram-map.png (41 KB)
  [256/540] asia/china/as-chn-jinan <- urbanrail jinan-metro-map.png (62 KB)
  [258/540] europe/italy/eu-ita-rome <- urbanrail roma-map.png (44 KB)
  [265/540] americas/united-states/am-usa-st-louis <- urbanrail st-louis-centre-map.png (19 KB)
  [266/540] asia/china/as-chn-changchun <- urbanrail changchun-map.png (65 KB)
  [267/540] asia/china/as-chn-wuxi <- urbanrail wuxi-metro-map.png (58 KB)
  [268/540] africa/ethiopia/af-eth-addis-ababa <- urbanrail addis-abeba-light-rail-map.png (13 KB)
  [270/540] europe/finland/eu-fin-tampere <- urbanrail tampere-tram-map.png (20 KB)
  [272/540] asia/turkey/as-tur-antalya <- urbanrail antalya-tram-map.png (21 KB)
  [273/540] europe/romania/eu-rou-cluj-napoca <- urbanrail cluj-napoca-map.png (10 KB)
  [274/540] europe/france/eu-fra-dijon <- urbanrail dijon-map.png (13 KB)
  [276/540] europe/italy/eu-ita-firenze <- urbanrail firenze-map.png (19 KB)
  [278/540] europe/france/eu-fra-le-mans <- urbanrail le-mans-map.png (17 KB)
  [280/540] europe/france/eu-fra-nice <- urbanrail nice-map.png (31 KB)
  [283/540] europe/united-kingdom/eu-gbr-nottingham <- urbanrail nottingham-map.png (21 KB)
  [284/540] europe/russia/eu-rus-oryol <- urbanrail oryol-tram-map.png (25 KB)
  [286/540] europe/spain/eu-esp-tenerife <- urbanrail tenerife-tram-map.png (10 KB)
  [288/540] europe/spain/eu-esp-vitoria-gasteiz <- urbanrail vitoria-gasteiz-tram-map.png (10 KB)
  [289/540] americas/canada/am-can-montreal <- urbanrail montreal-map.png (53 KB)
  [290/540] europe/france/eu-fra-lyon <- urbanrail lyon-map.png (23 KB)
  [291/540] africa/algeria/af-alg-algiers <- urbanrail algiers-map.png (32 KB)
  [293/540] asia/thailand/as-tha-bangkok <- urbanrail bangkok-map.png (66 KB)
  [295/540] americas/united-states/am-usa-houston <- urbanrail houston-map.png (17 KB)
  [296/540] asia/israel/as-isr-tel-aviv <- urbanrail tel-aviv-metro-map.png (47 KB)
  [297/540] asia/uzbekistan/as-uzb-tashkent <- urbanrail toshkent-metro-map.png (15 KB)
  [299/540] europe/netherlands/eu-ned-utrecht <- urbanrail utrecht-map.png (17 KB)
  [300/540] asia/china/as-chn-nanchang <- urbanrail nanchang-metro-map.png (56 KB)
  [301/540] europe/spain/eu-esp-malaga <- urbanrail malaga-map.png (13 KB)
  [303/540] americas/brazil/am-bra-santos <- urbanrail santos-map.png (22 KB)
  [306/540] asia/china/as-chn-guiyang <- urbanrail guiyang-metro-map.png (49 KB)
  [307/540] asia/india/as-ind-ahmedabad <- urbanrail ahmedabad-metro-map.png (32 KB)
  [308/540] asia/china/as-chn-shaoxing <- urbanrail shaoxing-metro-map.png (22 KB)
  [309/540] africa/morocco/af-mar-casablanca <- urbanrail casablanca-map.png (33 KB)
  [310/540] europe/romania/eu-rou-craiova <- urbanrail craiova-map.png (12 KB)
  [311/540] europe/germany/eu-ger-gera <- urbanrail gera-map.png (14 KB)
  [313/540] europe/hungary/eu-hun-miskolc <- urbanrail miskolc-map.png (11 KB)
  [314/540] europe/russia/eu-rus-nizhnekamsk <- urbanrail nizhnekamsk-tram-map.png (20 KB)
  [315/540] europe/croatia/eu-cro-osijek <- urbanrail osijek-map.png (15 KB)
  [316/540] europe/russia/eu-rus-saratov <- urbanrail saratov-tram-map.png (108 KB)
  [317/540] africa/algeria/af-alg-sidi-bel-abbes <- urbanrail sidi-bel-abbes-tram-map.png (14 KB)
  [318/540] europe/ukraine/eu-ukr-yevpatoria <- urbanrail yevpatoria-map.png (22 KB)
  [319/540] europe/germany/eu-ger-zwickau <- urbanrail zwickau-tram-map.png (20 KB)
  [320/540] americas/mexico/am-mex-guadalajara <- urbanrail guadalajara-metro-map.png (23 KB)
  [322/540] europe/belarus/eu-blr-minsk <- urbanrail minsk-map.png (21 KB)
  [323/540] asia/philippines/as-phi-manila <- urbanrail manila-metro-map.png (33 KB)
  [325/540] europe/ukraine/eu-ukr-kharkiv <- urbanrail kharkiv-metro-map.png (24 KB)
  [327/540] europe/italy/eu-ita-naples <- urbanrail napoli-metro-map.png (44 KB)
  [330/540] europe/spain/eu-esp-metro-palma-de-mallorca <- urbanrail palma-map.gif (7 KB)
  [335/540] asia/south-korea/as-kor-busan <- urbanrail busan-map.png (47 KB)
  [340/540] asia/china/as-chn-harbin <- urbanrail harbin-metro-map.png (46 KB)
  [341/540] asia/china/as-chn-shijiazhuang <- urbanrail shijiazhuang-metro-map.png (29 KB)
  [344/540] americas/canada/am-can-ottawa <- urbanrail ottawa-map.png (29 KB)
  [346/540] asia/china/as-chn-tianshui <- urbanrail tianshui-tram-map.png (16 KB)
  [347/540] americas/united-states/am-usa-seattle <- urbanrail seattle-map.png (46 KB)
  [348/540] asia/turkey/as-tur-izmit <- urbanrail izmit-tram-map.png (14 KB)
  [349/540] europe/russia/eu-rus-achinsk <- urbanrail achinsk-map.png (12 KB)
  [350/540] europe/france/eu-fra-besancon <- urbanrail besancon-tram-map.png (18 KB)
  [351/540] europe/hungary/eu-hun-debrecen <- urbanrail debrecen-map.png (14 KB)
  [352/540] europe/germany/eu-ger-dessau <- urbanrail dessau-map.gif (10 KB)
  [353/540] asia/japan/as-jpn-hakodate <- urbanrail hakodate-map.png (18 KB)
  [354/540] europe/germany/eu-ger-mannheim <- urbanrail Mannheim-Ludwigshafen-tram-map.png (69 KB)
  [355/540] europe/ukraine/eu-ukr-yenakiieve <- urbanrail yenakiieve-tram-map.png (16 KB)
  [357/540] asia/japan/as-jpn-kagoshima <- urbanrail kagoshima-map.png (23 KB)
  [358/540] asia/japan/as-jpn-kumamoto <- urbanrail kumamoto-map.png (20 KB)
  [360/540] europe/russia/eu-rus-orsk <- urbanrail orsk-tram-map.png (37 KB)
  [361/540] asia/japan/as-jpn-okayama <- urbanrail okayama-map.png (12 KB)
  [363/540] europe/romania/eu-rou-ploiesti <- urbanrail ploiesti-map.png (11 KB)
  [364/540] europe/france/eu-fra-reims <- urbanrail reims-map.png (15 KB)
  [365/540] asia/turkey/as-tur-samsun <- urbanrail samsun-tram-map.png (16 KB)
  [366/540] europe/russia/eu-rus-staryi-oskol <- urbanrail staryi-oskol-tram-map.png (16 KB)
  [367/540] asia/japan/as-jpn-takaoka <- urbanrail takoaka-map.png (24 KB)
  [368/540] europe/france/eu-fra-valenciennes <- urbanrail valenciennes-tram-map.png (35 KB)
  [371/540] asia/georgia/as-geo-tbilisi <- urbanrail tbilisi-metro-map.png (24 KB)
  [373/540] europe/united-kingdom/eu-gbr-birmingham <- urbanrail birmingham-map.png (34 KB)
  [375/540] europe/italy/eu-ita-cagliari <- urbanrail cagliari-map.png (13 KB)
  [376/540] asia/armenia/as-arm-yerevan <- urbanrail yerevan-metro-map.png (7 KB)
  [378/540] europe/italy/eu-ita-bergamo <- urbanrail bergamo-map.png (14 KB)
  [379/540] asia/north-korea/as-prk-pyongyang <- urbanrail pyongyang-map.png (35 KB)
  [380/540] americas/dominican-republic/am-dom-santo-domingo <- urbanrail santo-domingo-map.png (19 KB)
  [381/540] americas/peru/am-per-lima <- urbanrail lima-map.png (23 KB)
  [383/540] asia/japan/as-jpn-fukui <- urbanrail fukui-centre-map.png (11 KB)
  [384/540] asia/japan/as-jpn-enoshima-shonan <- urbanrail shonan-map.png (13 KB)
  [386/540] americas/united-states/am-usa-detroit <- urbanrail detroit-streetcar-map.png (15 KB)
  [387/540] americas/united-states/am-usa-tacoma <- urbanrail tacoma-map.png (9 KB)
  [389/540] europe/poland/eu-pol-warsaw <- urbanrail warszawa-metro-map.png (32 KB)
  [391/540] asia/iran/as-iri-karaj <- urbanrail karaj-metro-map.png (18 KB)
  [393/540] asia/japan/as-jpn-sendai <- urbanrail sendai-map.png (32 KB)
  [394/540] asia/china/as-chn-lanzhou <- urbanrail lanzhou-metro-map.png (16 KB)
  [396/540] europe/france/eu-fra-marseille <- urbanrail marseille-map.png (24 KB)
  [397/540] asia/china/as-chn-dongguan <- urbanrail dongguan-metro-map.png (52 KB)
  [398/540] asia/south-korea/as-kor <- urbanrail incheon-map.png (46 KB)
  [400/540] africa/nigeria/af-ngr-abuja <- urbanrail abuja-light-rail-map.png (13 KB)
  [401/540] asia/india/as-ind-nagpur <- urbanrail nagpur-metro-map.png (20 KB)
  [403/540] americas/united-states/am-usa-charlotte <- urbanrail charlotte-map.png (14 KB)
  [404/540] asia/china/as-chn-changzhou <- urbanrail changzhou-metro-map.png (37 KB)
  [406/540] africa/mauritius/af-mri-port-louis: no urbanrail
  [408/540] asia/china/as-chn-taiyuan <- urbanrail taiyuan-metro-map.png (23 KB)
  [409/540] asia/china/as-chn-luoyang <- urbanrail luoyang-map.png (15 KB)
  [410/540] asia/china/as-chn-foshan <- urbanrail foshan-metro-map.png (91 KB)
  [412/540] africa/nigeria/af-ngr-lagos <- urbanrail lagos-metro-map.png (17 KB)
  [413/540] europe/france/eu-fra-brest <- urbanrail brest-tram-map.png (16 KB)
  [415/540] europe/ireland/eu-irl-dublin <- urbanrail dublin-centre-map.png (29 KB)
  [416/540] europe/united-kingdom/eu-gbr-edinburgh <- urbanrail edinburgh-map.png (13 KB)
  [417/540] americas/united-states/am-usa-little-rock <- urbanrail little-rock-streetcar-map.png (12 KB)
  [418/540] africa/algeria/af-alg-mostaganem <- urbanrail mostaganem-tram-map.png (13 KB)
  [419/540] europe/spain/eu-esp-murcia <- urbanrail murcia-map.png (11 KB)
  [420/540] europe/france/eu-fra-orleans <- urbanrail orleans-map.png (17 KB)
  [421/540] europe/italy/eu-ita-venezia-mestre <- urbanrail venezia-mestre-map.png (18 KB)
  [422/540] europe/russia/eu-rus-salavat <- urbanrail salavat-tram-map.png (9 KB)
  [423/540] asia/uzbekistan/as-uzb-samarkand <- urbanrail samarkand-tram-map.png (17 KB)
  [426/540] europe/switzerland/eu-sui-lausanne <- urbanrail lausanne-map.png (15 KB)
  [427/540] europe/russia/eu-rus-samara <- urbanrail samara-metro-map.png (10 KB)
  [429/540] europe/spain/eu-esp-seville <- urbanrail sevilla-map.png (28 KB)
  [435/540] europe/italy/eu-ita-sassari <- urbanrail sassari-map.png (9 KB)
  [436/540] asia/israel/as-isr-jerusalem <- urbanrail jerusalem-map.png (20 KB)
  [437/540] americas/argentina/am-arg-mendoza <- urbanrail mendoza-map.png (14 KB)
  [442/540] americas/united-states/am-usa-buffalo <- urbanrail Buffalo-metro-map.png (12 KB)
  [443/540] americas/brazil/am-bra-fortaleza <- urbanrail fortaleza-map.png (21 KB)
  [445/540] asia/india/as-ind-jaipur <- urbanrail jaipur-map.png (13 KB)
  [446/540] asia/kazakhstan/as-kaz-almaty <- urbanrail almaty-map.png (10 KB)
  [448/540] europe/greece/eu-gre-thessaloniki <- urbanrail thessaloniki-metro-map.png (10 KB)
  [449/540] asia/iran/as-iri-tabriz <- urbanrail tabriz-metro-map.png (20 KB)
  [452/540] europe/spain/eu-esp-granada <- urbanrail granada-tram-map.png (16 KB)
  [453/540] europe/italy/eu-ita-catania <- urbanrail catania-map.png (19 KB)
  [454/540] americas/united-states/am-usa-norfolk <- urbanrail norfolk-map.png (9 KB)
  [455/540] europe/spain/eu-esp-cadiz <- urbanrail bahia-de-cadiz-map.png (23 KB)
  [456/540] asia/south-korea/as-kor-daejeon <- urbanrail daejeon-map.png (9 KB)
  [457/540] asia/south-korea/as-kor-uijeongbu <- urbanrail uijeongbu-val-map.png (7 KB)
  [459/540] americas/venezuela/am-ven-maracaibo <- urbanrail maracaibo-map.gif (7 KB)
  [460/540] asia/india/as-ind-kochi <- urbanrail kochi-metro-map.png (36 KB)
  [462/540] asia/india/as-ind-lucknow <- urbanrail lucknow-metro-map.png (22 KB)
  [464/540] asia/india/as-ind-noida: no urbanrail
  [467/540] asia/indonesia/as-ina-palembang <- urbanrail palembang-metro-map.png (10 KB)
  [468/540] asia/south-korea/as-kor-gimpo: no urbanrail
  [469/540] americas/ecuador/am-ecu-quito <- urbanrail quito-map.png (8 KB)
  [470/540] oceania/australia/oc-aus-canberra <- urbanrail canberra-tram-map.png (13 KB)
  [473/540] asia/japan/as-jpn-kitakyushu <- urbanrail kitakyushu-monorail-map.png (9 KB)
  [474/540] asia/vietnam/as-vie-ho-chi-minh-city <- urbanrail hcmc-metro-map.png (28 KB)
  [475/540] asia/china/as-chn-taizhou <- urbanrail Taizhou-Metro-Map.png (26 KB)
  [476/540] asia/japan/as-jpn-utsunomiya <- urbanrail utsunomiya-tram-map.png (29 KB)
  [478/540] asia/south-korea/as-kor-gwangju <- urbanrail gwangju-metro-map.png (24 KB)
  [479/540] asia/india/as-ind-kanpur <- urbanrail kanpur-map.png (23 KB)
  [480/540] asia/bangladesh/as-ban-dhaka <- urbanrail dhaka-metro-map.png (28 KB)
  [481/540] asia/china/as-chn-chuzhou: no urbanrail
  [482/540] americas/united-states/am-usa-honolulu <- urbanrail honolulu-map.png (12 KB)
  [484/540] asia/india/as-ind-navi-mumbai <- urbanrail navi-mumbai-map.png (20 KB)
  [486/540] asia/india/as-ind-indore <- urbanrail Indore-metro-map.png (7 KB)
  [487/540] asia/india/as-ind-patna <- urbanrail patna-metro-map.png (15 KB)
  [488/540] asia/india/as-ind-bhopal <- urbanrail bhopal-metro-map.png (16 KB)
  [490/540] africa/egypt/af-egy-alexandria <- urbanrail alexandria-tram-map.png (54 KB)
  [491/540] europe/ukraine/eu-ukr-avdiivka <- urbanrail avdeevka-map.gif (5 KB)
  [492/540] europe/france/eu-fra-avignon <- urbanrail avignon-tram-map.png (14 KB)
  [493/540] europe/united-kingdom/eu-gbr-blackpool <- urbanrail blackpool-map.gif (11 KB)
  [494/540] americas/united-states/am-usa-cincinnati <- urbanrail cincinnati-streetcar-map.png (8 KB)
  [495/540] europe/france/eu-fra-clermont-ferrand <- urbanrail clermont-ferrand-map.png (14 KB)
  [496/540] africa/algeria/af-alg-constantine <- urbanrail constantine-map.png (18 KB)
  [497/540] africa/senegal/af-sen-dakar <- urbanrail dakar-ter-map.png (12 KB)
  [499/540] americas/united-states/am-usa-el-paso <- urbanrail El-Paso-streetcar-map.png (19 KB)
  [500/540] europe/austria/eu-aut-gmunden <- urbanrail gmunden-traunseetram-map.png (21 KB)
  [501/540] asia/israel/as-isr-haifa <- urbanrail haifa-metro-map.png (20 KB)
  [504/540] americas/united-states/am-usa-kansas-city <- urbanrail kansas-city-tram-map.png (15 KB)
  [505/540] europe/russia/eu-rus-krasnoturyinsk <- urbanrail krasnoturyinsk-tram-map.png (13 KB)
  [506/540] europe/belgium/eu-bel-kusttram <- urbanrail kusttram-map.png (28 KB)
  [507/540] americas/united-states/am-usa-las-vegas <- urbanrail las-vegas-map.gif (4 KB)
  [508/540] europe/belgium/eu-bel-liege <- urbanrail liege-tram-map.png (18 KB)
  [509/540] europe/sweden/eu-swe-lund <- urbanrail lund-tram-map.png (9 KB)
  [510/540] europe/luxembourg/eu-lux-luxembourg <- urbanrail luxembourg-tram-map.png (14 KB)
  [511/540] asia/japan/as-jpn-matsuyama <- urbanrail matsuyama-map.png (12 KB)
  [513/540] europe/italy/eu-ita-messina <- urbanrail messina-map.png (8 KB)
  [514/540] americas/united-states/am-usa-morgantown <- urbanrail morgantown-map.png (7 KB)
  [515/540] europe/belarus/eu-blr-mozyr <- urbanrail mazyr-map.png (8 KB)
  [516/540] asia/japan/as-jpn-naha <- urbanrail naha-monorail-map.png (16 KB)
  [517/540] europe/belarus/eu-blr-novopolotsk <- urbanrail navapolatsk-map.png (6 KB)
  [518/540] europe/denmark/eu-den-odense <- urbanrail odense-tram-map.png (12 KB)
  [519/540] africa/algeria/af-alg-oran <- urbanrail oran-map.png (15 KB)
  [520/540] africa/algeria/af-alg-ouargla <- urbanrail ouargla-tram-map.png (9 KB)
  [521/540] europe/italy/eu-ita-padova <- urbanrail padova-map.png (14 KB)
  [522/540] europe/spain/eu-esp-parla <- urbanrail parla-map.gif (8 KB)
  [523/540] europe/italy/eu-ita-perugia <- urbanrail perugia-map.gif (9 KB)
  [524/540] europe/romania/eu-rou-resita <- urbanrail resita-tram-map.png (10 KB)
  [525/540] europe/france/eu-fra-rouen <- urbanrail rouen-map.png (12 KB)
  [526/540] europe/germany/eu-ger-schoneiche: no urbanrail
  [527/540] africa/algeria/af-alg-setif <- urbanrail setif-tram-map.png (17 KB)
  [528/540] europe/portugal/eu-por-sintra <- urbanrail sintra-map.png (9 KB)
  [529/540] americas/united-states/am-usa-tampa <- urbanrail tampa-streetcar-map.png (8 KB)
  [530/540] europe/france/eu-fra-tours <- urbanrail tours-map.png (14 KB)
  [531/540] asia/japan/as-jpn-toyohashi <- urbanrail toyohashi-map.png (12 KB)
  [532/540] europe/italy/eu-ita-trieste <- urbanrail trieste-map.png (6 KB)
  [533/540] europe/norway/eu-nor-trondheim <- urbanrail trondheim-map.gif (8 KB)
  [534/540] americas/united-states/am-usa-tucson <- urbanrail tucson-map.png (8 KB)
  [535/540] americas/chile/am-chi-valparaiso <- urbanrail valparaiso-metro-map.png (7 KB)
  [536/540] europe/russia/eu-rus-vladivostok <- urbanrail vladivostok-tram-map.png (20 KB)
  [537/540] europe/russia/eu-rus-volchansk <- urbanrail volchansk-tram-map.png (19 KB)
  [538/540] europe/spain/eu-esp-zaragoza <- urbanrail zaragoza-map.png (16 KB)
  [539/540] europe/italy/eu-ita-genoa <- urbanrail genova-metro-map.png (21 KB)
  [540/540] asia/saudi-arabia/as-ksa-mecca <- urbanrail mecca-metro-map.png (17 KB)

DONE: 347 downloaded, 188 kept, 5 without a map. -> /Users/kevincheng/Library/CloudStorage/Dropbox/__NTU/__Thesis/_website/adapt-metro/data/metro/maps
