downloadMaps: 537 city groups [--urbanrail]
  [8/537] europe/germany/eu-ger-karlsruhe <- urbanrail karlsruhe-map.png (68 KB)
  [16/537] europe/germany/eu-ger-dresden <- urbanrail dresden-tram-map.png (95 KB)
  [30/537] europe/germany/eu-ger-halle-saale <- urbanrail halle-tram-map.png (60 KB)
  [40/537] europe/germany/eu-ger-hannover <- urbanrail hannover-stadtbahn-map.png (86 KB)
  [41/537] europe/germany/eu-ger-kassel <- urbanrail kassel-tram-map.png (41 KB)
  [45/537] europe/germany/eu-ger-magdeburg <- urbanrail magdeburg-map.png (50 KB)
  [46/537] europe/germany/eu-ger-bremen <- urbanrail bremen-map.png (62 KB)
  [59/537] europe/germany/eu-ger-cologne <- urbanrail koeln-map-centre.png (48 KB)
  [66/537] europe/germany/eu-ger-darmstadt <- urbanrail darmstadt-tram-map.png (26 KB)
  [74/537] africa/south-africa/af-rsa-pretoria <- urbanrail pretoria-map.png (15 KB)
  [76/537] europe/germany/eu-ger-wurzburg <- urbanrail wuerzburg-tram-map.png (21 KB)
  [77/537] europe/germany/eu-ger-chemnitz <- urbanrail chemnitz-tram.png (27 KB)
  [82/537] europe/germany/eu-ger-braunschweig <- urbanrail braunschweig-map.gif (22 KB)
  [83/537] europe/germany/eu-ger-erfurt <- urbanrail erfurt-tram-map.png (20 KB)
  [85/537] europe/germany/eu-ger-potsdam <- urbanrail potsdam-tram-map.png (29 KB)
  [86/537] europe/germany/eu-ger-bonn <- urbanrail bonn-map.png (40 KB)
  [97/537] europe/spain/eu-esp-donostia <- urbanrail donostia-ss-map.png (17 KB)
  [104/537] europe/germany/eu-ger-augsburg <- urbanrail augsburg-map.png (35 KB)
  [105/537] europe/germany/eu-ger-dortmund <- urbanrail dortmund-map.png (49 KB)
  [107/537] europe/germany/eu-ger-rostock <- urbanrail rostock-tram-map.png (37 KB)
  [130/537] europe/germany/eu-ger-freiburg <- urbanrail freiburg-map.png (27 KB)
  [159/537] europe/germany/eu-ger-mainz <- urbanrail mainz-map.png (21 KB)
  [193/537] europe/germany/eu-ger-cottbus <- urbanrail cottbus-map.png (19 KB)
  [233/537] europe/germany/eu-ger-krefeld <- urbanrail krefeld-map.png (24 KB)
  [277/537] europe/germany/eu-ger-duisburg <- urbanrail duisburg-tram-map.png (22 KB)
  [289/537] europe/germany/eu-ger-ulm <- urbanrail ulm-tram-map.png (20 KB)
  [445/537] europe/germany/eu-ger-saarbrucken <- urbanrail saarbruecken-map-kl.gif (7 KB)
  [496/537] europe/germany/eu-ger-wuppertal <- urbanrail wuppertal-schwebebahn-map.png (17 KB)

DONE: 28 downloaded, 509 kept, 0 without a map. -> /Users/kevincheng/Library/CloudStorage/Dropbox/__NTU/__Thesis/_website/adapt-metro/data/metro/maps
