downloadMaps: 545 city groups (dual-slot official|urbanrail) [incremental]
  [4/545] europe/poland/eu-pol-cracow <- urbanrail krakow-map.png (102 KB)
  [8/545] europe/germany/eu-ger-karlsruhe <- urbanrail karlsruhe-map.png (68 KB)
  [9/545] europe/germany/eu-ger-munich <- urbanrail muenchen-u-bahn-map.png (63 KB)
  [11/545] americas/united-states/am-usa-new-york-city: official pinned no-map (NYC 官方地鐵圖有版權（Commons 沒有自由授權版）；QID 解析曾誤命中 PATH 抓「PATH daytime.svg」冒充全系統圖。固定無圖，前端退回 Google 圖片搜尋。使用者裁決 2026-07。官方地圖頁＝https://www.mta.info/map/5256（2025-04 改版圖，官網釘選已指向此頁，見 site_overrides）。)
  [11/545] americas/united-states/am-usa-new-york-city <- urbanrail new-york-map.png (145 KB)
  [12/545] oceania/australia/oc-aus-melbourne-tram <- urbanrail melbourne-metro-map.png (60 KB)
  [14/545] europe/poland/eu-pol-poznan <- urbanrail poznan-tram-map.png (46 KB)
  [15/545] europe/germany/eu-ger-dusseldorf <- urbanrail duesseldorf-map.png (41 KB)
  [16/545] europe/germany/eu-ger-dresden <- urbanrail dresden-tram-map.png (95 KB)
  [18/545] europe/czechia/eu-cze-ostrava <- urbanrail ostrava-tram-map.png (41 KB)
  [19/545] europe/united-kingdom/eu-gbr-london <- urbanrail london-map-centre.png (33 KB)
  [23/545] europe/netherlands/eu-ned-the-hague <- urbanrail den-haap-map.png (81 KB)
  [25/545] europe/switzerland/eu-sui-zurich <- urbanrail zurich-map.png (79 KB)
  [27/545] europe/germany/eu-ger-frankfurt <- urbanrail frankfurt-centre-u-bahn-map.png (34 KB)
  [28/545] europe/germany/eu-ger-berlin <- urbanrail berlin-map.png (153 KB)
  [29/545] asia/japan/as-jpn-tokyo <- urbanrail tokyo-centre-map.png (136 KB)
  [30/545] europe/germany/eu-ger-halle-saale <- urbanrail halle-tram-map.png (60 KB)
  [31/545] europe/czechia/eu-cze-brno <- urbanrail brno-map.png (51 KB)
  [33/545] europe/france/eu-fra-paris <- urbanrail paris-map-centre.png (86 KB)
  [37/545] europe/switzerland/eu-sui-basel <- urbanrail basel-tram-map.png (61 KB)
  [39/545] europe/belgium/eu-bel-brussels <- urbanrail brussels-metro-map.png (35 KB)
  [40/545] europe/germany/eu-ger-hannover <- urbanrail hannover-stadtbahn-map.png (86 KB)
  [41/545] europe/germany/eu-ger-kassel <- urbanrail kassel-tram-map.png (41 KB)
  [42/545] oceania/australia/oc-aus-melbourne <- urbanrail melbourne-metro-map.png (60 KB)
  [44/545] americas/united-states/am-usa-portland <- urbanrail portland-map.png (39 KB)
  [45/545] europe/germany/eu-ger-magdeburg <- urbanrail magdeburg-map.png (50 KB)
  [46/545] oceania/australia/oc-aus-sydney <- urbanrail sydney-centre-map.png (43 KB)
  [47/545] asia/china/as-chn-chongqing <- urbanrail chongqing-map-centre.png (47 KB)
  [49/545] europe/germany/eu-ger-bremen <- urbanrail bremen-map.png (62 KB)
  [52/545] asia/china/as-chn-shenzhen <- urbanrail shenzhen-centre-map.png (84 KB)
  [54/545] asia/south-korea/as-kor-seoul <- urbanrail seoul-centre-map.png (110 KB)
  [55/545] asia/china/as-chn-beijing <- urbanrail beijing-metro-map.png (125 KB)
  [58/545] americas/united-states/am-usa-chicago <- urbanrail chicago-centre-map.png (27 KB)
  [59/545] europe/germany/eu-ger-cologne <- urbanrail koeln-map-centre.png (48 KB)
  [61/545] asia/china/as-chn-hong-kong <- urbanrail hong-kong-map.png (48 KB)
  [66/545] europe/germany/eu-ger-darmstadt <- urbanrail darmstadt-tram-map.png (26 KB)
  [75/545] europe/germany/eu-ger-wurzburg <- urbanrail wuerzburg-tram-map.png (21 KB)
  [76/545] europe/germany/eu-ger-chemnitz <- urbanrail chemnitz-tram.png (27 KB)
  [77/545] europe/austria/eu-aut-innsbruck <- urbanrail innsbruck-map.png (37 KB)
  [79/545] europe/germany/eu-ger-hamburg <- urbanrail hamburg-centre-map.png (37 KB)
  [81/545] europe/germany/eu-ger-braunschweig <- urbanrail braunschweig-map.gif (22 KB)
  [82/545] europe/germany/eu-ger-erfurt <- urbanrail erfurt-tram-map.png (20 KB)
  [84/545] europe/germany/eu-ger-potsdam <- urbanrail potsdam-tram-map.png (29 KB)
  [85/545] europe/germany/eu-ger-bonn <- urbanrail bonn-map.png (40 KB)
  [92/545] europe/spain/eu-esp-madrid <- urbanrail madrid-metro-map.png (127 KB)
  [94/545] asia/japan/as-jpn-hiroshima <- urbanrail hiroshima-centre-map.png (43 KB)
  [99/545] asia/singapore/as-sgp-singapore <- urbanrail singapore-centre-map.png (39 KB)
  [100/545] americas/united-states/am-usa-denver <- urbanrail denver-map.png (31 KB)
  [101/545] oceania/australia/oc-aus-adelaide <- urbanrail adelaide-rail-map.png (43 KB)
  [102/545] europe/germany/eu-ger-augsburg <- urbanrail augsburg-map.png (35 KB)
  [103/545] europe/germany/eu-ger-dortmund <- urbanrail dortmund-map.png (49 KB)
  [104/545] europe/united-kingdom/eu-gbr-manchester <- urbanrail manchester-map.png (61 KB)
  [105/545] europe/germany/eu-ger-rostock <- urbanrail rostock-tram-map.png (37 KB)
  [106/545] europe/spain/eu-esp-barcelona <- urbanrail barcelona-metro-map.png (65 KB)
  [107/545] asia/china/as-chn-wuhan <- urbanrail wuhan-metro-map.png (144 KB)
  [108/545] americas/united-states/am-usa-boston <- urbanrail boston-map.png (55 KB)
  [112/545] asia/china/as-chn-nanjing <- urbanrail nanjing-metro-map.png (91 KB)
  [115/545] europe/germany/eu-ger-bochum <- urbanrail bochum-tram-map.png (38 KB)
  [125/545] europe/norway/eu-nor-oslo <- urbanrail oslo-map.png (31 KB)
  [126/545] asia/china/as-chn-zhengzhou <- urbanrail zhengzhou-metro-map.png (73 KB)
  [127/545] europe/switzerland/eu-sui-bern <- urbanrail bern-map.png (30 KB)
  [129/545] europe/germany/eu-ger-freiburg <- urbanrail freiburg-map.png (27 KB)
  [131/545] oceania/australia/oc-aus-perth <- urbanrail perth-rail-map.png (22 KB)
  [133/545] americas/united-states/am-usa-washington-d-c <- urbanrail washington-map.png (56 KB)
  [134/545] asia/india/as-ind-delhi <- urbanrail delhi-map.png (101 KB)
  [141/545] asia/turkey/as-tur-istanbul <- urbanrail istanbul-map-centre.png (79 KB)
  [142/545] asia/japan/as-jpn-osaka <- urbanrail osaka-centre-map.png (95 KB)
  [144/545] asia/china/as-chn-suzhou <- urbanrail suzhou-map.png (73 KB)
  [145/545] americas/united-states/am-usa-dallas <- urbanrail dallas-light-rail-map.png (29 KB)
  [146/545] europe/switzerland/eu-sui-geneva <- urbanrail geneva-tram-map.png (57 KB)
  [151/545] americas/united-states/am-usa-philadelphia <- urbanrail philadelphia-rail-map.png (65 KB)
  [153/545] americas/chile/am-chi-santiago <- urbanrail santiago-metro-map.png (39 KB)
  [154/545] americas/united-states/am-usa-los-angeles <- urbanrail los-angeles-map.png (50 KB)
  [155/545] asia/china/as-chn-xi-an <- urbanrail xian-map.png (92 KB)
  [160/545] europe/germany/eu-ger-mainz <- urbanrail mainz-map.png (21 KB)
  [162/545] europe/netherlands/eu-ned-rotterdam <- urbanrail rotterdam-metro-map.png (22 KB)
  [168/545] asia/japan/as-jpn-nagasaki <- urbanrail nagasaki-map.png (19 KB)
  [172/545] europe/germany/eu-ger-bielefeld <- urbanrail bielefeld-map.png (24 KB)
  [173/545] americas/united-states/am-usa-salt-lake-city <- urbanrail salt-lake-city-map.png (24 KB)
  [174/545] americas/canada/am-can-calgary <- urbanrail calgary-map.png (34 KB)
  [184/545] americas/canada/am-can-vancouver <- urbanrail vancouver-metro-map.png (31 KB)
  [188/545] asia/china/as-chn-hefei <- urbanrail hefei-metro-map.png (79 KB)
  [192/545] oceania/new-zealand/oc-nzl-auckland <- urbanrail auckland-map.png (20 KB)
  [193/545] europe/germany/eu-ger-brandenburg-havel <- urbanrail brandenburg-map.png (22 KB)
  [194/545] europe/germany/eu-ger-cottbus <- urbanrail cottbus-map.png (19 KB)
  [200/545] europe/netherlands/eu-ned-amsterdam <- urbanrail amsterdam-metro-map.png (20 KB)
  [201/545] americas/brazil/am-bra-sao-paulo <- urbanrail sao-paulo-map.png (58 KB)
  [205/545] asia/china/as-chn-qingdao <- urbanrail qingdao-metro-map.png (49 KB)
  [207/545] europe/spain/eu-esp-bilbao <- urbanrail bilbao-metro-map.png (51 KB)
  [220/545] asia/china/as-chn-ningbo <- urbanrail ningbo-metro-map.png (82 KB)
  [221/545] europe/germany/eu-ger-essen <- urbanrail essen-mh-tram-map.png (66 KB)
  [223/545] americas/united-states/am-usa-atlanta <- urbanrail atlanta-map.gif (12 KB)
  [224/545] asia/azerbaijan/as-aze-baku <- urbanrail baku-map.png (38 KB)
  [225/545] europe/italy/eu-ita-milan <- urbanrail milano-map.png (63 KB)
  [229/545] asia/china/as-chn-dalian <- urbanrail dalian-metro-tram-map.png (45 KB)
  [233/545] europe/germany/eu-ger-krefeld <- urbanrail krefeld-map.png (24 KB)
  [236/545] americas/canada/am-can-toronto <- urbanrail Toronto-metro-map.png (53 KB)
  [237/545] americas/argentina/am-arg-buenos-aires <- urbanrail buenos-aires-map.png (43 KB)
  [238/545] europe/germany/eu-ger-heilbronn <- urbanrail heilbronn-map.png (13 KB)
  [240/545] asia/japan/as-jpn-nagoya <- urbanrail nagoya-regional-rail-map.png (79 KB)
  [241/545] europe/germany/eu-ger-nuremberg <- urbanrail nuernberg-u-bahn-map.png (21 KB)
  [242/545] asia/japan/as-jpn-sapporo <- urbanrail sapporo-map.png (33 KB)
  [243/545] asia/malaysia/as-mas-kuala-lumpur <- urbanrail kuala-lumpur-map-centre.png (43 KB)
  [244/545] asia/india/as-ind-mumbai <- urbanrail mumbai-rail-map.png (94 KB)
  [246/545] europe/denmark/eu-den-aarhus <- urbanrail aarhus-tram-map.png (18 KB)
  [257/545] oceania/new-zealand/oc-nzl-wellington <- urbanrail wellington-map.png (19 KB)
  [259/545] europe/austria/eu-aut-vienna <- urbanrail wien-map.png (55 KB)
  [261/545] americas/brazil/am-bra-rio-de-janeiro <- urbanrail rio-de-janeiro-metro-map.png (69 KB)
  [262/545] europe/bulgaria/eu-bul-sofia <- urbanrail sofia-metro-map.png (30 KB)
  [263/545] americas/brazil/am-bra-recife <- urbanrail recife-rail-map.png (12 KB)
  [264/545] africa/egypt/af-egy-cairo <- urbanrail cairo-metro-map.png (60 KB)
  [265/545] asia/turkey/as-tur-ankara <- urbanrail ankara-map.png (31 KB)
  [270/545] asia/india/as-ind-kolkata <- urbanrail kolkata-metro-map.png (57 KB)
  [272/545] asia/china/as-chn-wenzhou <- urbanrail wenzhou-metro-map.png (43 KB)
  [276/545] europe/germany/eu-ger-duisburg <- urbanrail duisburg-tram-map.png (22 KB)
  [281/545] europe/germany/eu-ger-nordhausen <- urbanrail nordhausen-map.png (8 KB)
  [282/545] europe/sweden/eu-swe-norrkoping <- urbanrail norrkoeping-map.png (14 KB)
  [285/545] africa/morocco/af-mar-rabat <- urbanrail rabat-map.png (15 KB)
  [287/545] europe/germany/eu-ger-ulm <- urbanrail ulm-tram-map.png (20 KB)
  [292/545] asia/united-arab-emirates/as-uae-dubai <- urbanrail dubai-metro-map.png (33 KB)
  [294/545] europe/hungary/eu-hun-budapest <- urbanrail budapest-map.png (43 KB)
  [298/545] europe/finland/eu-fin-helsinki <- urbanrail helsinki-metro-map.png (28 KB)
  [302/545] asia/china/as-chn-xuzhou <- urbanrail xuzhou-metro-map.png (46 KB)
  [304/545] asia/india/as-ind-chennai <- urbanrail chennai-map.png (31 KB)
  [305/545] asia/turkey/as-tur-bursa <- urbanrail bursa-metro-map.png (21 KB)
  [313/545] europe/germany/eu-ger-gorlitz <- urbanrail goerlitz-map.png (9 KB)
  [315/545] americas/united-states/am-usa-milwaukee <- urbanrail milwaukee-streetcar-map.png (10 KB)
  [325/545] europe/czechia/eu-cze-prague <- urbanrail praha-metro-map.png (21 KB)
  [328/545] europe/france/eu-fra-toulouse <- urbanrail toulouse-metro-map.png (37 KB)
  [330/545] europe/portugal/eu-por-lisbon <- urbanrail lisboa-map.png (28 KB)
  [332/545] europe/greece/eu-gre-athens <- urbanrail athens-map.png (26 KB)
  [333/545] americas/united-states/am-usa-miami <- urbanrail miami-map.png (21 KB)
  [335/545] asia/india/as-ind-bengaluru <- urbanrail bangalore-metro-map.png (39 KB)
  [336/545] asia/japan/as-jpn-fukuoka <- urbanrail fukuoka-map.png (36 KB)
  [337/545] asia/japan/as-jpn-yokohama <- urbanrail yokohama-centre-rail-map.png (57 KB)
  [339/545] americas/united-states/am-usa-minneapolis-st-paul <- urbanrail minneapolis-stpaul-map.png (32 KB)
  [340/545] americas/mexico/am-mex-monterrey <- urbanrail monterrey-map.png (14 KB)
  [341/545] asia/taiwan/as-twn-kaohsiung <- urbanrail kaohsiung-metro-map.png (31 KB)
  [342/545] asia/india/as-ind-hyderabad <- urbanrail hyderabad-metro-map.png (46 KB)
  [345/545] americas/panama/am-pan-panama-city <- urbanrail panama-map.png (20 KB)
  [346/545] asia/china/as-chn-xiamen <- urbanrail xiamen-metro-map.png (40 KB)
  [348/545] asia/china/as-chn-macau <- urbanrail macau-metro-map.png (60 KB)
  [359/545] americas/united-states/am-usa-jacksonville <- urbanrail jacksonville-map.png (7 KB)
  [365/545] americas/united-states/am-usa-oklahoma-city <- urbanrail oklahoma-city-streetcar-map.png (11 KB)
  [372/545] americas/brazil/am-bra-brasilia <- urbanrail brasilia-metro-map.png (19 KB)
  [373/545] europe/france/eu-fra-rennes <- urbanrail rennes-metro-map.png (13 KB)
  [375/545] asia/iran/as-iri-mashhad <- urbanrail mashhad-metro-map.png (13 KB)
  [377/545] europe/france/eu-fra-lille <- urbanrail lille-map.png (34 KB)
  [380/545] asia/japan/as-jpn-kyoto <- urbanrail kyoto-centre-map.png (27 KB)
  [385/545] americas/colombia/am-col-medellin <- urbanrail medellin-map.png (14 KB)
  [389/545] asia/japan/as-jpn-kobe <- urbanrail kobe-centre-map.png (23 KB)
  [392/545] europe/russia/eu-rus-novosibirsk <- urbanrail novosibirsk-tram-map.gif (34 KB)
  [394/545] americas/brazil/am-bra-salvador <- urbanrail salvador-metro-map.png (18 KB)
  [396/545] asia/iran/as-iri-shiraz <- urbanrail shiraz-metro-map.png (13 KB)
  [399/545] asia/china/as-chn-urumqi <- urbanrail urumqi-metro-map.png (33 KB)
  [402/545] asia/south-korea/as-kor-incheon <- urbanrail incheon-map.png (46 KB)
  [403/545] asia/south-korea/as-kor-daegu <- urbanrail daegu-map.png (37 KB)
  [409/545] asia/china/as-chn-hohhot <- urbanrail hohhot-metro-map.png (22 KB)
  [410/545] asia/china/as-chn-jinhua <- urbanrail jinhua-rail-map.png (25 KB)
  [414/545] asia/india/as-ind-pune <- urbanrail pune-metro-map.png (31 KB)
  [417/545] asia/china/as-chn-wuhu <- urbanrail wuhu-monorail-map.png (19 KB)
  [428/545] americas/brazil/am-bra-porto-alegre <- urbanrail porto-alegre-map.gif (11 KB)
  [429/545] asia/china/as-chn-nantong <- urbanrail nantong-metro-map.png (22 KB)
  [432/545] europe/united-kingdom/eu-gbr-glasgow <- urbanrail glasgow-map.gif (10 KB)
  [434/545] europe/italy/eu-ita-turin <- urbanrail torino-metro-map.png (16 KB)
  [435/545] americas/brazil/am-bra-belo-horizonte <- urbanrail belo-horizonte-map.png (10 KB)
  [436/545] europe/russia/eu-rus-kazan <- urbanrail kazan-map.png (18 KB)
  [437/545] europe/ukraine/eu-ukr-dnipro <- urbanrail dnipro-metro-map.png (15 KB)
  [438/545] americas/united-states/am-usa-baltimore <- urbanrail baltimore-map.gif (11 KB)
  [442/545] americas/united-states/am-usa-san-juan <- urbanrail san-juan-tren-urbano-map.png (12 KB)
  [443/545] asia/turkey/as-tur-izmir <- urbanrail izmir-map.png (44 KB)
  [444/545] europe/italy/eu-ita-brescia <- urbanrail brescia-metro-map.png (13 KB)
  [445/545] europe/russia/eu-rus-yekaterinburg <- urbanrail yekaterinburg-tram-map.png (61 KB)
  [448/545] asia/india/as-ind-gurgaon: no urbanrail (official kept)
  [450/545] europe/germany/eu-ger-saarbrucken <- urbanrail saarbruecken-map-kl.gif (7 KB)
  [453/545] asia/iran/as-iri-isfahan <- urbanrail isfahan-metro-map.png (22 KB)
  [456/545] oceania/australia/oc-aus-gold-coast <- urbanrail goldcoast-map.png (23 KB)
  [457/545] asia/japan/as-jpn-chiba-prefecture <- urbanrail chiba-map.png (15 KB)
  [464/545] americas/united-states/am-usa-cleveland <- urbanrail cleveland-rail-map.png (18 KB)
  [466/545] americas/venezuela/am-ven-valencia: official pinned <- Mapa del Metro de VLN.png (163 KB)
  [468/545] asia/turkey/as-tur-adana <- urbanrail adana-map.gif (5 KB)
  [471/545] oceania/australia/oc-aus-newcastle <- urbanrail newcastle-tram-map.png (13 KB)
  [472/545] asia/indonesia/as-ina-jakarta <- urbanrail jakarta-rail-map.png (45 KB)
  [476/545] asia/taiwan/as-twn-taichung <- urbanrail taichung-metro-map.png (27 KB)
  [477/545] asia/pakistan/as-pak-lahore <- urbanrail lahore-metro-map.png (26 KB)
  [487/545] asia/india/as-ind-agra <- urbanrail agra-metro-map.png (14 KB)
  [489/545] asia/india/as-ind-meerut <- urbanrail meerut-metro-map.png (12 KB)
  [493/545] asia/kazakhstan/as-kaz-astana <- urbanrail astana-metro-map.png (12 KB)
  [502/545] europe/germany/eu-ger-wuppertal <- urbanrail wuppertal-schwebebahn-map.png (17 KB)
  [520/545] europe/germany/eu-ger-naumburg: no urbanrail (official left blank)

DONE: 187 downloaded, 356 kept, 2 without a map. -> /Users/kevincheng/Library/CloudStorage/Dropbox/__NTU/__Thesis/_website/adapt-metro/data/metro/maps
