downloadMaps: 541 city groups [incremental]
  [9/541] europe/poland/eu-pol-poznan <- urbanrail poznan-tram-map.png (46 KB)
  [10/541] europe/germany/eu-ger-munich <- urbanrail muenchen-u-bahn-map.png (63 KB)
  [13/541] oceania/australia/oc-aus-melbourne-tram <- urbanrail melbourne-metro-map.png (60 KB)
  [15/541] europe/germany/eu-ger-dusseldorf <- urbanrail duesseldorf-map.png (41 KB)
  [18/541] europe/czechia/eu-cze-ostrava <- urbanrail ostrava-tram-map.png (41 KB)
  [19/541] europe/united-kingdom/eu-gbr-london <- urbanrail london-map-centre.png (33 KB)
  [23/541] europe/netherlands/eu-ned-the-hague <- urbanrail den-haap-map.png (81 KB)
  [27/541] europe/germany/eu-ger-frankfurt <- urbanrail frankfurt-centre-u-bahn-map.png (34 KB)
  [28/541] europe/germany/eu-ger-berlin <- urbanrail berlin-map.png (153 KB)
  [29/541] asia/japan/as-jpn-tokyo <- urbanrail tokyo-centre-map.png (136 KB)
  [31/541] europe/czechia/eu-cze-brno <- urbanrail brno-map.png (51 KB)
  [33/541] europe/france/eu-fra-paris <- urbanrail paris-map-centre.png (86 KB)
  [42/541] oceania/australia/oc-aus-melbourne <- urbanrail melbourne-metro-map.png (60 KB)
  [47/541] oceania/australia/oc-aus-sydney <- urbanrail sydney-centre-map.png (43 KB)
  [52/541] asia/china/as-chn-shenzhen <- urbanrail shenzhen-centre-map.png (84 KB)
  [54/541] asia/south-korea/as-kor-seoul <- urbanrail seoul-centre-map.png (110 KB)
  [58/541] americas/united-states/am-usa-chicago <- urbanrail chicago-centre-map.png (27 KB)
  [61/541] asia/china/as-chn-hong-kong <- urbanrail hong-kong-map.png (48 KB)
  [77/541] europe/austria/eu-aut-innsbruck <- urbanrail innsbruck-map.png (37 KB)
  [79/541] europe/germany/eu-ger-hamburg <- urbanrail hamburg-centre-map.png (37 KB)
  [91/541] europe/spain/eu-esp-madrid <- urbanrail madrid-metro-map.png (127 KB)
  [94/541] asia/japan/as-jpn-hiroshima <- urbanrail hiroshima-centre-map.png (43 KB)
  [97/541] asia/taiwan/as-twn-taipei <- urbanrail taipei-map.png (78 KB)
  [99/541] asia/singapore/as-sgp-singapore <- urbanrail singapore-centre-map.png (39 KB)
  [100/541] americas/united-states/am-usa-denver <- urbanrail denver-map.png (31 KB)
  [101/541] oceania/australia/oc-aus-adelaide <- urbanrail adelaide-rail-map.png (43 KB)
  [106/541] europe/spain/eu-esp-barcelona <- urbanrail barcelona-metro-map.png (65 KB)
  [107/541] asia/china/as-chn-wuhan <- urbanrail wuhan-metro-map.png (144 KB)
  [108/541] americas/united-states/am-usa-boston <- urbanrail boston-map.png (55 KB)
  [112/541] asia/china/as-chn-nanjing <- urbanrail nanjing-metro-map.png (91 KB)
  [115/541] europe/germany/eu-ger-bochum <- urbanrail bochum-tram-map.png (38 KB)
  [125/541] europe/norway/eu-nor-oslo <- urbanrail oslo-map.png (31 KB)
  [126/541] asia/china/as-chn-zhengzhou <- urbanrail zhengzhou-metro-map.png (73 KB)
  [131/541] oceania/australia/oc-aus-perth <- urbanrail perth-rail-map.png (22 KB)
  [133/541] americas/united-states/am-usa-washington-d-c <- urbanrail washington-map.png (56 KB)
  [140/541] asia/turkey/as-tur-istanbul <- urbanrail istanbul-map-centre.png (79 KB)
  [141/541] asia/japan/as-jpn-osaka <- urbanrail osaka-centre-map.png (95 KB)
  [143/541] asia/china/as-chn-suzhou <- urbanrail suzhou-map.png (73 KB)
  [150/541] americas/united-states/am-usa-philadelphia <- urbanrail philadelphia-rail-map.png (65 KB)
  [152/541] americas/chile/am-chi-santiago <- urbanrail santiago-metro-map.png (39 KB)
  [153/541] americas/united-states/am-usa-los-angeles <- urbanrail los-angeles-map.png (50 KB)
  [154/541] asia/china/as-chn-xi-an <- urbanrail xian-map.png (92 KB)
  [155/541] europe/ukraine/eu-ukr-donetsk <- urbanrail donetsk-tram.png (50 KB)
  [161/541] europe/netherlands/eu-ned-rotterdam <- urbanrail rotterdam-metro-map.png (22 KB)
  [167/541] asia/japan/as-jpn-nagasaki <- urbanrail nagasaki-map.png (19 KB)
  [171/541] europe/germany/eu-ger-bielefeld <- urbanrail bielefeld-map.png (24 KB)
  [172/541] americas/united-states/am-usa-salt-lake-city <- urbanrail salt-lake-city-map.png (24 KB)
  [173/541] americas/canada/am-can-calgary <- urbanrail calgary-map.png (34 KB)
  [183/541] americas/canada/am-can-vancouver <- urbanrail vancouver-metro-map.png (31 KB)
  [187/541] asia/china/as-chn-hefei <- urbanrail hefei-metro-map.png (79 KB)
  [191/541] oceania/new-zealand/oc-nzl-auckland <- urbanrail auckland-map.png (20 KB)
  [192/541] europe/germany/eu-ger-brandenburg-havel <- urbanrail brandenburg-map.png (22 KB)
  [199/541] europe/netherlands/eu-ned-amsterdam <- urbanrail amsterdam-metro-map.png (20 KB)
  [200/541] americas/brazil/am-bra-sao-paulo <- urbanrail sao-paulo-map.png (58 KB)
  [205/541] asia/china/as-chn-qingdao <- urbanrail qingdao-metro-map.png (49 KB)
  [207/541] europe/spain/eu-esp-bilbao <- urbanrail bilbao-metro-map.png (51 KB)
  [220/541] asia/china/as-chn-ningbo <- urbanrail ningbo-metro-map.png (82 KB)
  [221/541] europe/germany/eu-ger-essen <- urbanrail essen-mh-tram-map.png (66 KB)
  [223/541] americas/united-states/am-usa-atlanta <- urbanrail atlanta-map.gif (12 KB)
  [224/541] asia/azerbaijan/as-aze-baku <- urbanrail baku-map.png (38 KB)
  [225/541] europe/italy/eu-ita-milan <- urbanrail milano-map.png (63 KB)
  [229/541] asia/china/as-chn-dalian <- urbanrail dalian-metro-tram-map.png (45 KB)
  [236/541] americas/canada/am-can-toronto: no urbanrail (cleared)
  [237/541] americas/argentina/am-arg-buenos-aires <- urbanrail buenos-aires-map.png (43 KB)
  [238/541] europe/germany/eu-ger-heilbronn <- urbanrail heilbronn-map.png (13 KB)
  [240/541] asia/japan/as-jpn-nagoya <- urbanrail nagoya-regional-rail-map.png (79 KB)
  [241/541] europe/germany/eu-ger-nuremberg <- urbanrail nuernberg-u-bahn-map.png (21 KB)
  [242/541] asia/japan/as-jpn-sapporo <- urbanrail sapporo-map.png (33 KB)
  [243/541] asia/malaysia/as-mas-kuala-lumpur <- urbanrail kuala-lumpur-map-centre.png (43 KB)
  [244/541] asia/india/as-ind-mumbai <- urbanrail mumbai-rail-map.png (94 KB)
  [246/541] europe/denmark/eu-den-aarhus <- urbanrail aarhus-tram-map.png (18 KB)
  [257/541] oceania/new-zealand/oc-nzl-wellington <- urbanrail wellington-map.png (19 KB)
  [259/541] europe/austria/eu-aut-vienna <- urbanrail wien-map.png (55 KB)
  [261/541] americas/brazil/am-bra-rio-de-janeiro <- urbanrail rio-de-janeiro-metro-map.png (69 KB)
  [262/541] europe/bulgaria/eu-bul-sofia <- urbanrail sofia-metro-map.png (30 KB)
  [263/541] americas/brazil/am-bra-recife <- urbanrail recife-rail-map.png (12 KB)
  [264/541] africa/egypt/af-egy-cairo <- urbanrail cairo-metro-map.png (60 KB)
  [265/541] asia/india/as-ind-delhi <- urbanrail delhi-map.png (101 KB)
  [266/541] asia/turkey/as-tur-ankara <- urbanrail ankara-map.png (31 KB)
  [271/541] asia/india/as-ind-kolkata <- urbanrail kolkata-metro-map.png (57 KB)
  [273/541] asia/china/as-chn-wenzhou <- urbanrail wenzhou-metro-map.png (43 KB)
  [281/541] americas/united-states/am-usa-milwaukee <- urbanrail milwaukee-streetcar-map.png (10 KB)
  [283/541] europe/germany/eu-ger-nordhausen <- urbanrail nordhausen-map.png (8 KB)
  [284/541] europe/sweden/eu-swe-norrkoping <- urbanrail norrkoeping-map.png (14 KB)
  [287/541] africa/morocco/af-mar-rabat <- urbanrail rabat-map.png (15 KB)
  [294/541] asia/united-arab-emirates/as-uae-dubai <- urbanrail dubai-metro-map.png (33 KB)
  [296/541] europe/hungary/eu-hun-budapest <- urbanrail budapest-map.png (43 KB)
  [300/541] europe/finland/eu-fin-helsinki <- urbanrail helsinki-metro-map.png (28 KB)
  [304/541] asia/china/as-chn-xuzhou <- urbanrail xuzhou-metro-map.png (46 KB)
  [306/541] asia/india/as-ind-chennai <- urbanrail chennai-map.png (31 KB)
  [307/541] asia/turkey/as-tur-bursa <- urbanrail bursa-metro-map.png (21 KB)
  [315/541] europe/germany/eu-ger-gorlitz <- urbanrail goerlitz-map.png (9 KB)
  [322/541] europe/ukraine/eu-ukr-zaporizhia <- urbanrail zaporizhia-tram-map.png (61 KB)
  [325/541] europe/czechia/eu-cze-prague <- urbanrail praha-metro-map.png (21 KB)
  [328/541] europe/france/eu-fra-toulouse <- urbanrail toulouse-metro-map.png (37 KB)
  [330/541] europe/portugal/eu-por-lisbon <- urbanrail lisboa-map.png (28 KB)
  [332/541] europe/greece/eu-gre-athens <- urbanrail athens-map.png (26 KB)
  [333/541] americas/united-states/am-usa-miami <- urbanrail miami-map.png (21 KB)
  [335/541] asia/india/as-ind-bengaluru <- urbanrail bangalore-metro-map.png (39 KB)
  [336/541] asia/japan/as-jpn-fukuoka <- urbanrail fukuoka-map.png (36 KB)
  [337/541] asia/japan/as-jpn-yokohama <- urbanrail yokohama-centre-rail-map.png (57 KB)
  [339/541] americas/united-states/am-usa-minneapolis-st-paul <- urbanrail minneapolis-stpaul-map.png (32 KB)
  [340/541] americas/mexico/am-mex-monterrey <- urbanrail monterrey-map.png (14 KB)
  [341/541] asia/taiwan/as-twn-kaohsiung <- urbanrail kaohsiung-metro-map.png (31 KB)
  [342/541] asia/india/as-ind-hyderabad <- urbanrail hyderabad-metro-map.png (46 KB)
  [345/541] americas/panama/am-pan-panama-city <- urbanrail panama-map.png (20 KB)
  [346/541] asia/china/as-chn-xiamen <- urbanrail xiamen-metro-map.png (40 KB)
  [348/541] asia/china/as-chn-macau <- urbanrail macau-metro-map.png (60 KB)
  [359/541] americas/united-states/am-usa-jacksonville <- urbanrail jacksonville-map.png (7 KB)
  [362/541] europe/switzerland/eu-sui-neuchatel <- urbanrail neuchatel-map.png (11 KB)
  [366/541] americas/united-states/am-usa-oklahoma-city <- urbanrail oklahoma-city-streetcar-map.png (11 KB)
  [373/541] americas/brazil/am-bra-brasilia <- urbanrail brasilia-metro-map.png (19 KB)
  [374/541] europe/france/eu-fra-rennes <- urbanrail rennes-metro-map.png (13 KB)
  [376/541] asia/iran/as-iri-mashhad <- urbanrail mashhad-metro-map.png (13 KB)
  [378/541] europe/france/eu-fra-lille <- urbanrail lille-map.png (34 KB)
  [381/541] asia/japan/as-jpn-kyoto <- urbanrail kyoto-centre-map.png (27 KB)
  [386/541] americas/colombia/am-col-medellin <- urbanrail medellin-map.png (14 KB)
  [390/541] asia/japan/as-jpn-kobe <- urbanrail kobe-centre-map.png (23 KB)
  [393/541] europe/russia/eu-rus-novosibirsk <- urbanrail novosibirsk-tram-map.gif (34 KB)
  [395/541] americas/brazil/am-bra-salvador <- urbanrail salvador-metro-map.png (18 KB)
  [396/541] asia/iran/as-iri-karaj <- urbanrail karaj-metro-map.png (18 KB)
  [397/541] asia/iran/as-iri-shiraz <- urbanrail shiraz-metro-map.png (13 KB)
  [400/541] asia/china/as-chn-urumqi <- urbanrail urumqi-metro-map.png (33 KB)
  [404/541] asia/south-korea/as-kor-daegu <- urbanrail daegu-map.png (37 KB)
  [410/541] asia/china/as-chn-hohhot <- urbanrail hohhot-metro-map.png (22 KB)
  [411/541] asia/china/as-chn-jinhua <- urbanrail jinhua-rail-map.png (25 KB)
  [415/541] asia/india/as-ind-pune <- urbanrail pune-metro-map.png (31 KB)
  [418/541] asia/china/as-chn-wuhu <- urbanrail wuhu-monorail-map.png (19 KB)
  [428/541] americas/brazil/am-bra-porto-alegre <- urbanrail porto-alegre-map.gif (11 KB)
  [429/541] asia/china/as-chn-nantong <- urbanrail nantong-metro-map.png (22 KB)
  [432/541] europe/united-kingdom/eu-gbr-glasgow <- urbanrail glasgow-map.gif (10 KB)
  [434/541] europe/italy/eu-ita-turin <- urbanrail torino-metro-map.png (16 KB)
  [435/541] americas/brazil/am-bra-belo-horizonte <- urbanrail belo-horizonte-map.png (10 KB)
  [436/541] europe/russia/eu-rus-kazan <- urbanrail kazan-map.png (18 KB)
  [437/541] europe/ukraine/eu-ukr-dnipro <- urbanrail dnipro-metro-map.png (15 KB)
  [438/541] americas/united-states/am-usa-baltimore <- urbanrail baltimore-map.gif (11 KB)
  [442/541] americas/united-states/am-usa-san-juan <- urbanrail san-juan-tren-urbano-map.png (12 KB)
  [443/541] asia/turkey/as-tur-izmir <- urbanrail izmir-map.png (44 KB)
  [444/541] europe/italy/eu-ita-brescia <- urbanrail brescia-metro-map.png (13 KB)
  [445/541] europe/russia/eu-rus-yekaterinburg <- urbanrail yekaterinburg-tram-map.png (61 KB)
  [451/541] asia/iran/as-iri-isfahan <- urbanrail isfahan-metro-map.png (22 KB)
  [455/541] asia/japan/as-jpn-chiba-prefecture <- urbanrail chiba-map.png (15 KB)
  [462/541] americas/united-states/am-usa-cleveland <- urbanrail cleveland-rail-map.png (18 KB)
  [465/541] asia/turkey/as-tur-adana <- urbanrail adana-map.gif (5 KB)
  [468/541] oceania/australia/oc-aus-newcastle <- urbanrail newcastle-tram-map.png (13 KB)
  [469/541] asia/indonesia/as-ina-jakarta <- urbanrail jakarta-rail-map.png (45 KB)
  [473/541] asia/taiwan/as-twn-taichung <- urbanrail taichung-metro-map.png (27 KB)
  [474/541] asia/pakistan/as-pak-lahore <- urbanrail lahore-metro-map.png (26 KB)
  [484/541] asia/india/as-ind-agra <- urbanrail agra-metro-map.png (14 KB)
  [486/541] asia/india/as-ind-meerut <- urbanrail meerut-metro-map.png (12 KB)
  [490/541] asia/kazakhstan/as-kaz-astana <- urbanrail astana-metro-map.png (12 KB)

DONE: 150 downloaded, 390 kept, 1 without a map. -> /Users/kevincheng/Library/CloudStorage/Dropbox/__NTU/__Thesis/_website/adapt-metro/data/metro/maps
